2026-08-28 00:15:26,089	[INFO]	(client.py:162)_bot_login	[botpy] 登录机器人账号中...
2026-08-28 00:15:26,289	[INFO]	(robot.py:65)update_access_token	[botpy] access_token expires_in 6618
2026-08-28 00:15:27,209	[INFO]	(client.py:181)_bot_init	[botpy] 程序启动...
2026-08-28 00:15:27,209	[INFO]	(connection.py:60)multi_run	[botpy] 最大并发连接数: 1, 启动会话数: 1
2026-08-28 00:15:27,210	[INFO]	(client.py:242)bot_connect	[botpy] 会话启动中...
2026-08-28 00:15:27,210	[INFO]	(gateway.py:115)ws_connect	[botpy] 启动中...
2026-08-28 00:15:27,341	[INFO]	(gateway.py:142)ws_identify	[botpy] 鉴权中...
2026-08-28 00:15:27,501	[INFO]	(gateway.py:85)on_message	[botpy] 机器人「果娘酱」启动成功！
2026-08-28 00:15:27,501	[INFO]	(gateway.py:223)_send_heart	[botpy] 心跳维持启动...
2026-08-28 00:15:27,503	[INFO]	(client.py:36)on_ready	robot 果娘酱 on_ready!
2026-08-28 00:16:07,850	[INFO]	(client.py:162)_bot_login	[botpy] 登录机器人账号中...
2026-08-28 00:16:08,177	[INFO]	(robot.py:65)update_access_token	[botpy] access_token expires_in 6576
2026-08-28 00:16:08,984	[INFO]	(client.py:181)_bot_init	[botpy] 程序启动...
2026-08-28 00:16:08,985	[INFO]	(connection.py:60)multi_run	[botpy] 最大并发连接数: 1, 启动会话数: 1
2026-08-28 00:16:08,985	[INFO]	(client.py:242)bot_connect	[botpy] 会话启动中...
2026-08-28 00:16:08,985	[INFO]	(gateway.py:115)ws_connect	[botpy] 启动中...
2026-08-28 00:16:09,097	[INFO]	(gateway.py:142)ws_identify	[botpy] 鉴权中...
2026-08-28 00:16:09,239	[INFO]	(gateway.py:85)on_message	[botpy] 机器人「果娘酱」启动成功！
2026-08-28 00:16:09,239	[INFO]	(gateway.py:223)_send_heart	[botpy] 心跳维持启动...
2026-08-28 00:16:09,240	[INFO]	(client.py:36)on_ready	robot 果娘酱 on_ready!
2026-08-28 00:17:44,313	[INFO]	(client.py:162)_bot_login	[botpy] 登录机器人账号中...
2026-08-28 00:17:44,541	[INFO]	(robot.py:65)update_access_token	[botpy] access_token expires_in 6480
2026-08-28 00:17:45,395	[INFO]	(client.py:181)_bot_init	[botpy] 程序启动...
2026-08-28 00:17:45,395	[INFO]	(connection.py:60)multi_run	[botpy] 最大并发连接数: 1, 启动会话数: 1
2026-08-28 00:17:45,395	[INFO]	(client.py:242)bot_connect	[botpy] 会话启动中...
2026-08-28 00:17:45,395	[INFO]	(gateway.py:115)ws_connect	[botpy] 启动中...
2026-08-28 00:17:45,511	[INFO]	(gateway.py:142)ws_identify	[botpy] 鉴权中...
2026-08-28 00:17:45,722	[INFO]	(gateway.py:85)on_message	[botpy] 机器人「果娘酱」启动成功！
2026-08-28 00:17:45,722	[INFO]	(gateway.py:223)_send_heart	[botpy] 心跳维持启动...
2026-08-28 00:17:45,722	[INFO]	(client.py:36)on_ready	robot 果娘酱 on_ready!
2026-08-28 00:18:59,415	[INFO]	(client.py:162)_bot_login	[botpy] 登录机器人账号中...
2026-08-28 00:18:59,638	[INFO]	(robot.py:65)update_access_token	[botpy] access_token expires_in 6405
2026-08-28 00:19:00,574	[INFO]	(client.py:181)_bot_init	[botpy] 程序启动...
2026-08-28 00:19:00,574	[INFO]	(connection.py:60)multi_run	[botpy] 最大并发连接数: 1, 启动会话数: 1
2026-08-28 00:19:00,575	[INFO]	(client.py:242)bot_connect	[botpy] 会话启动中...
2026-08-28 00:19:00,575	[INFO]	(gateway.py:115)ws_connect	[botpy] 启动中...
2026-08-28 00:19:00,724	[INFO]	(gateway.py:142)ws_identify	[botpy] 鉴权中...
2026-08-28 00:19:00,902	[INFO]	(gateway.py:85)on_message	[botpy] 机器人「果娘酱」启动成功！
2026-08-28 00:19:00,902	[INFO]	(gateway.py:223)_send_heart	[botpy] 心跳维持启动...
2026-08-28 00:19:00,902	[INFO]	(client.py:36)on_ready	robot 果娘酱 on_ready!
2026-08-28 00:20:29,121	[INFO]	(client.py:162)_bot_login	[botpy] 登录机器人账号中...
2026-08-28 00:20:29,377	[INFO]	(robot.py:65)update_access_token	[botpy] access_token expires_in 6315
2026-08-28 00:20:30,266	[INFO]	(client.py:181)_bot_init	[botpy] 程序启动...
2026-08-28 00:20:30,266	[INFO]	(connection.py:60)multi_run	[botpy] 最大并发连接数: 1, 启动会话数: 1
2026-08-28 00:20:30,266	[INFO]	(client.py:242)bot_connect	[botpy] 会话启动中...
2026-08-28 00:20:30,266	[INFO]	(gateway.py:115)ws_connect	[botpy] 启动中...
2026-08-28 00:20:30,368	[INFO]	(gateway.py:142)ws_identify	[botpy] 鉴权中...
2026-08-28 00:20:30,614	[INFO]	(gateway.py:85)on_message	[botpy] 机器人「果娘酱」启动成功！
2026-08-28 00:20:30,615	[INFO]	(gateway.py:223)_send_heart	[botpy] 心跳维持启动...
2026-08-28 00:20:30,615	[INFO]	(client.py:36)on_ready	robot 果娘酱 on_ready!
2026-08-28 00:21:52,095	[ERROR]	(gateway.py:97)on_message	_parser unknown event group_message_create.
2026-08-28 00:22:06,178	[ERROR]	(gateway.py:97)on_message	_parser unknown event group_message_create.
2026-08-28 00:22:13,735	[ERROR]	(gateway.py:97)on_message	_parser unknown event group_message_create.
2026-08-28 00:22:59,995	[ERROR]	(gateway.py:97)on_message	_parser unknown event group_message_create.
2026-08-28 00:23:05,532	[ERROR]	(gateway.py:97)on_message	_parser unknown event group_message_create.
2026-08-28 00:26:38,169	[ERROR]	(gateway.py:97)on_message	_parser unknown event group_message_create.
2026-08-28 00:27:38,285	[INFO]	(client.py:162)_bot_login	[botpy] 登录机器人账号中...
2026-08-28 00:27:38,545	[INFO]	(robot.py:65)update_access_token	[botpy] access_token expires_in 5886
2026-08-28 00:27:39,491	[INFO]	(client.py:181)_bot_init	[botpy] 程序启动...
2026-08-28 00:27:39,491	[INFO]	(connection.py:60)multi_run	[botpy] 最大并发连接数: 1, 启动会话数: 1
2026-08-28 00:27:39,492	[INFO]	(client.py:242)bot_connect	[botpy] 会话启动中...
2026-08-28 00:27:39,492	[INFO]	(gateway.py:115)ws_connect	[botpy] 启动中...
2026-08-28 00:27:39,612	[INFO]	(gateway.py:142)ws_identify	[botpy] 鉴权中...
2026-08-28 00:27:39,769	[INFO]	(gateway.py:85)on_message	[botpy] 机器人「果娘酱」启动成功！
2026-08-28 00:27:39,769	[INFO]	(gateway.py:223)_send_heart	[botpy] 心跳维持启动...
2026-08-28 00:27:39,769	[INFO]	(client.py:36)on_ready	robot 果娘酱 on_ready!
2026-08-28 00:27:49,336	[ERROR]	(client.py:100)handle	handle error: module 'asyncio' has no attribute 'to_thread'
2026-08-28 00:28:02,422	[ERROR]	(client.py:100)handle	handle error: module 'asyncio' has no attribute 'to_thread'
2026-08-28 00:28:14,511	[ERROR]	(client.py:100)handle	handle error: module 'asyncio' has no attribute 'to_thread'
2026-08-28 00:28:31,624	[ERROR]	(gateway.py:97)on_message	_parser unknown event group_message_create.
2026-08-28 00:29:02,830	[ERROR]	(client.py:100)handle	handle error: module 'asyncio' has no attribute 'to_thread'
2026-08-28 00:30:28,791	[ERROR]	(client.py:100)handle	handle error: module 'asyncio' has no attribute 'to_thread'
2026-08-28 00:31:08,549	[ERROR]	(client.py:100)handle	handle error: module 'asyncio' has no attribute 'to_thread'
2026-08-28 00:34:28,647	[INFO]	(client.py:162)_bot_login	[botpy] 登录机器人账号中...
2026-08-28 00:34:28,920	[INFO]	(robot.py:65)update_access_token	[botpy] access_token expires_in 5476
2026-08-28 00:34:29,913	[INFO]	(client.py:181)_bot_init	[botpy] 程序启动...
2026-08-28 00:34:29,913	[INFO]	(connection.py:60)multi_run	[botpy] 最大并发连接数: 1, 启动会话数: 1
2026-08-28 00:34:29,914	[INFO]	(client.py:242)bot_connect	[botpy] 会话启动中...
2026-08-28 00:34:29,914	[INFO]	(gateway.py:115)ws_connect	[botpy] 启动中...
2026-08-28 00:34:30,042	[INFO]	(gateway.py:142)ws_identify	[botpy] 鉴权中...
2026-08-28 00:34:30,222	[INFO]	(gateway.py:85)on_message	[botpy] 机器人「果娘酱」启动成功！
2026-08-28 00:34:30,222	[INFO]	(gateway.py:223)_send_heart	[botpy] 心跳维持启动...
2026-08-28 00:34:30,223	[INFO]	(client.py:46)on_ready	robot 果娘酱 on_ready!
2026-08-28 00:38:05,306	[INFO]	(client.py:162)_bot_login	[botpy] 登录机器人账号中...
2026-08-28 00:38:05,528	[INFO]	(robot.py:65)update_access_token	[botpy] access_token expires_in 5259
2026-08-28 00:38:06,465	[INFO]	(client.py:181)_bot_init	[botpy] 程序启动...
2026-08-28 00:38:06,465	[INFO]	(connection.py:60)multi_run	[botpy] 最大并发连接数: 1, 启动会话数: 1
2026-08-28 00:38:06,466	[INFO]	(client.py:242)bot_connect	[botpy] 会话启动中...
2026-08-28 00:38:06,466	[INFO]	(gateway.py:115)ws_connect	[botpy] 启动中...
2026-08-28 00:38:06,587	[INFO]	(gateway.py:142)ws_identify	[botpy] 鉴权中...
2026-08-28 00:38:06,717	[INFO]	(gateway.py:85)on_message	[botpy] 机器人「果娘酱」启动成功！
2026-08-28 00:38:06,717	[INFO]	(gateway.py:223)_send_heart	[botpy] 心跳维持启动...
2026-08-28 00:38:06,717	[INFO]	(client.py:46)on_ready	robot 果娘酱 on_ready!
2026-08-28 00:58:29,086	[INFO]	(client.py:162)_bot_login	[botpy] 登录机器人账号中...
2026-08-28 00:58:29,307	[INFO]	(robot.py:65)update_access_token	[botpy] access_token expires_in 4035
2026-08-28 00:58:30,340	[INFO]	(client.py:181)_bot_init	[botpy] 程序启动...
2026-08-28 00:58:30,340	[INFO]	(connection.py:60)multi_run	[botpy] 最大并发连接数: 1, 启动会话数: 1
2026-08-28 00:58:30,342	[INFO]	(client.py:242)bot_connect	[botpy] 会话启动中...
2026-08-28 00:58:30,342	[INFO]	(gateway.py:115)ws_connect	[botpy] 启动中...
2026-08-28 00:58:30,454	[INFO]	(gateway.py:142)ws_identify	[botpy] 鉴权中...
2026-08-28 00:58:30,718	[INFO]	(gateway.py:85)on_message	[botpy] 机器人「果娘酱」启动成功！
2026-08-28 00:58:30,718	[INFO]	(gateway.py:223)_send_heart	[botpy] 心跳维持启动...
2026-08-28 00:58:30,718	[INFO]	(client.py:46)on_ready	robot 果娘酱 on_ready!
2026-08-28 19:39:25,459	[INFO]	(client.py:162)_bot_login	[botpy] 登录机器人账号中...
2026-08-28 19:39:25,705	[INFO]	(robot.py:65)update_access_token	[botpy] access_token expires_in 3021
2026-08-28 19:39:26,637	[INFO]	(client.py:181)_bot_init	[botpy] 程序启动...
2026-08-28 19:39:26,637	[INFO]	(connection.py:60)multi_run	[botpy] 最大并发连接数: 1, 启动会话数: 1
2026-08-28 19:39:26,637	[INFO]	(client.py:242)bot_connect	[botpy] 会话启动中...
2026-08-28 19:39:26,637	[INFO]	(gateway.py:115)ws_connect	[botpy] 启动中...
2026-08-28 19:39:26,759	[INFO]	(gateway.py:142)ws_identify	[botpy] 鉴权中...
2026-08-28 19:39:26,918	[INFO]	(gateway.py:85)on_message	[botpy] 机器人「果娘酱」启动成功！
2026-08-28 19:39:26,918	[INFO]	(gateway.py:223)_send_heart	[botpy] 心跳维持启动...
2026-08-28 19:39:26,918	[INFO]	(client.py:53)on_ready	robot 果娘酱 on_ready!
2026-08-28 19:42:17,080	[INFO]	(client.py:162)_bot_login	[botpy] 登录机器人账号中...
2026-08-28 19:42:17,315	[INFO]	(robot.py:65)update_access_token	[botpy] access_token expires_in 2849
2026-08-28 19:42:18,405	[INFO]	(client.py:181)_bot_init	[botpy] 程序启动...
2026-08-28 19:42:18,405	[INFO]	(connection.py:60)multi_run	[botpy] 最大并发连接数: 1, 启动会话数: 1
2026-08-28 19:42:18,406	[INFO]	(client.py:242)bot_connect	[botpy] 会话启动中...
2026-08-28 19:42:18,406	[INFO]	(gateway.py:115)ws_connect	[botpy] 启动中...
2026-08-28 19:42:18,583	[INFO]	(gateway.py:142)ws_identify	[botpy] 鉴权中...
2026-08-28 19:42:18,756	[INFO]	(gateway.py:85)on_message	[botpy] 机器人「果娘酱」启动成功！
2026-08-28 19:42:18,756	[INFO]	(gateway.py:223)_send_heart	[botpy] 心跳维持启动...
2026-08-28 19:42:18,756	[INFO]	(client.py:53)on_ready	robot 果娘酱 on_ready!
2026-08-28 19:53:07,708	[INFO]	(client.py:162)_bot_login	[botpy] 登录机器人账号中...
2026-08-28 19:53:08,046	[INFO]	(robot.py:65)update_access_token	[botpy] access_token expires_in 2198
2026-08-28 19:53:09,096	[INFO]	(client.py:181)_bot_init	[botpy] 程序启动...
2026-08-28 19:53:09,096	[INFO]	(connection.py:60)multi_run	[botpy] 最大并发连接数: 1, 启动会话数: 1
2026-08-28 19:53:09,096	[INFO]	(client.py:242)bot_connect	[botpy] 会话启动中...
2026-08-28 19:53:09,097	[INFO]	(gateway.py:115)ws_connect	[botpy] 启动中...
2026-08-28 19:53:09,390	[INFO]	(gateway.py:142)ws_identify	[botpy] 鉴权中...
2026-08-28 19:53:09,657	[INFO]	(gateway.py:85)on_message	[botpy] 机器人「果娘酱」启动成功！
2026-08-28 19:53:09,658	[INFO]	(gateway.py:223)_send_heart	[botpy] 心跳维持启动...
2026-08-28 19:53:09,658	[INFO]	(client.py:53)on_ready	robot 果娘酱 on_ready!
